// Jest Snapshot v1, https://jestjs.io/docs/snapshot-testing

exports[`matches snapshot for inventory tab 1`] = `
<DocumentFragment>
  <div
    class="flex justify-center items-center h-full"
  >
    <svg
      class="lucide lucide-loader-circle w-12 h-12 animate-spin text-primary"
      fill="none"
      height="24"
      stroke="currentColor"
      stroke-linecap="round"
      stroke-linejoin="round"
      stroke-width="2"
      viewBox="0 0 24 24"
      width="24"
      xmlns="http://www.w3.org/2000/svg"
    >
      <path
        d="M21 12a9 9 0 1 1-6.219-8.56"
      />
    </svg>
  </div>
</DocumentFragment>
`;
